<?xml version="1.0" encoding="UTF-8"?>
<TestRun id="91be0211-590d-4184-800b-7ec76702a035" name="user@USER-TOSH 2013-05-11 15:32:25" runUser="user-TOSH\user" xmlns="http://microsoft.com/schemas/VisualStudio/TeamTest/2010">
  <TestSettings name="Default Test Settings" id="e3040aff-2cd3-458d-a8a2-4b15d933adad">
    <Deployment runDeploymentRoot="user_USER-TOSH 2013-05-11 15_32_25">
      <DeploymentItem filename="C:\Users\user\Desktop\WCFExample_src\WCFExample\Clinic\bin\Debug\Clinic.dll" />
      <DeploymentItem filename="C:\Users\user\Desktop\WCFExample_src\WCFExample\ClinicUnitTest\bin\Debug\EntityFramework.dll" />
      <DeploymentItem filename="C:\Users\user\Desktop\WCFExample_src\WCFExample\Clinic.Model\bin\Debug\Clinic.Model.dll" />
    </Deployment>
    <Execution>
      <TestTypeSpecific />
      <AgentRule name="Execution Agents">
      </AgentRule>
    </Execution>
  </TestSettings>
  <Times creation="2013-05-11T15:32:25.8959955+03:00" queuing="2013-05-11T15:32:26.1300089+03:00" start="2013-05-11T15:32:26.1510101+03:00" finish="2013-05-11T15:32:27.5580905+03:00" />
  <ResultSummary outcome="Failed">
    <Counters total="1" executed="1" error="0" failed="1" timeout="0" aborted="0" inconclusive="0" passedButRunAborted="0" notRunnable="0" notExecuted="0" disconnected="0" warning="0" passed="0" completed="0" inProgress="0" pending="0" />
  </ResultSummary>
  <TestDefinitions>
    <UnitTest name="CRUDTest" storage="c:\users\user\desktop\wcfexample_src\wcfexample\clinicunittest\bin\debug\clinicunittest.dll" id="b4b539da-8ac6-90df-ff72-9b4ba32f1574">
      <Execution id="7ee36cc6-e723-46d6-a35b-b407fd828883" />
      <TestMethod codeBase="C:/Users/user/Desktop/WCFExample_src/WCFExample/ClinicUnitTest/bin/Debug/ClinicUnitTest.DLL" adapterTypeName="Microsoft.VisualStudio.TestTools.TestTypes.Unit.UnitTestAdapter, Microsoft.VisualStudio.QualityTools.Tips.UnitTest.Adapter, Version=10.0.0.0, Culture=neutral, PublicKeyToken=b03f5f7f11d50a3a" className="ClinicUnitTest.ConsultationRepoTest, ClinicUnitTest, Version=1.0.0.0, Culture=neutral, PublicKeyToken=null" name="CRUDTest" />
    </UnitTest>
  </TestDefinitions>
  <TestLists>
    <TestList name="Results Not in a List" id="8c84fa94-04c1-424b-9868-57a2d4851a1d" />
    <TestList name="All Loaded Results" id="19431567-8539-422a-85d7-44ee4e166bda" />
  </TestLists>
  <TestEntries>
    <TestEntry testId="b4b539da-8ac6-90df-ff72-9b4ba32f1574" executionId="7ee36cc6-e723-46d6-a35b-b407fd828883" testListId="8c84fa94-04c1-424b-9868-57a2d4851a1d" />
  </TestEntries>
  <Results>
    <UnitTestResult executionId="7ee36cc6-e723-46d6-a35b-b407fd828883" testId="b4b539da-8ac6-90df-ff72-9b4ba32f1574" testName="CRUDTest" computerName="USER-TOSH" duration="00:00:01.1485196" startTime="2013-05-11T15:32:26.1700112+03:00" endTime="2013-05-11T15:32:27.5380894+03:00" testType="13cdc9d9-ddb5-4fa4-a97d-d965ccfc6d4b" outcome="Failed" testListId="8c84fa94-04c1-424b-9868-57a2d4851a1d" relativeResultsDirectory="7ee36cc6-e723-46d6-a35b-b407fd828883">
      <Output>
        <ErrorInfo>
          <Message>Assert.AreEqual failed. Expected:&lt;(null)&gt;. Actual:&lt;System.Collections.Generic.List`1[Clinic.Models.Consultation]&gt;. </Message>
          <StackTrace>   at ClinicUnitTest.ConsultationRepoTest.CRUDTest() in C:\Users\user\Desktop\WCFExample_src\WCFExample\ClinicUnitTest\ConsultationRepoTest.cs:line 111
</StackTrace>
        </ErrorInfo>
      </Output>
    </UnitTestResult>
  </Results>
</TestRun>